python : 2026-01-02 
18:10:11.765602: I t
ensorflow/core/util/
port.cc:153] oneDNN 
custom operations 
are on. You may see 
slightly different 
numerical results 
due to 
floating-point 
round-off errors 
from different 
computation orders. 
To turn them off, 
set the environment 
variable `TF_ENABLE_
ONEDNN_OPTS=0`.
At line:1 char:1
+ python 
test_setup.py > 
test_log.txt 2>&1
+ ~~~~~~~~~~~~~~~~~~
~~~~~~~~~~~~~~~~~~~~
~~
    + CategoryInfo  
            : NotS  
  pecified: (2026   
 -01-02 18:1...O    
NEDNN_OPTS=0`.:    
String) [], Rem    
oteException
    + FullyQualifie 
   dErrorId : Nati  
  veCommandError
 
2026-01-02 
18:10:18.730147: I t
ensorflow/core/util/
port.cc:153] oneDNN 
custom operations 
are on. You may see 
slightly different 
numerical results 
due to 
floating-point 
round-off errors 
from different 
computation orders. 
To turn them off, 
set the environment 
variable `TF_ENABLE_
ONEDNN_OPTS=0`.
WARNING:tensorflow:F
rom C:\Users\kasin\A
ppData\Roaming\Pytho
n\Python312\site-pac
kages\tf_keras\src\l
osses.py:2976: The 
name tf.losses.spars
e_softmax_cross_entr
opy is deprecated. 
Please use tf.compat
.v1.losses.sparse_so
ftmax_cross_entropy 
instead.

============================================================
MindMate Component Tests
============================================================
Testing imports...
Traceback (most 
recent call last):
  File "C:\Users\kas
in\OneDrive\Document
s\GitHub\MindMate\te
st_setup.py", line 
132, in <module>
    sys.exit(main())
             ^^^^^^
  File "C:\Users\kas
in\OneDrive\Document
s\GitHub\MindMate\te
st_setup.py", line 
107, in main
    results.append((
"Imports", 
test_imports()))
                    
           
^^^^^^^^^^^^^^
  File "C:\Users\kas
in\OneDrive\Document
s\GitHub\MindMate\te
st_setup.py", line 
24, in test_imports
    print("\u2713 
All required 
packages are 
installed")
  File "C:\Python312
\Lib\encodings\cp125
2.py", line 19, in 
encode
    return codecs.ch
armap_encode(input,s
elf.errors,encoding_
table)[0]
           ^^^^^^^^^
^^^^^^^^^^^^^^^^^^^^
^^^^^^^^^^^^^^^^^^^^
^^^^^^
UnicodeEncodeError: 
'charmap' codec 
can't encode 
character '\u2713' 
in position 0: 
character maps to 
<undefined>
